16:20:49 **** Incremental Build of configuration Debug for project Board_Test_TTC ****
make -j16 all 
arm-none-eabi-gcc "../Core/Src/main.c" -mcpu=cortex-m3 -std=gnu11 -g3 -DDEBUG -DUSE_HAL_DRIVER -DSTM32F103xB -c -I../Core/Inc -I../Drivers/STM32F1xx_HAL_Driver/Inc/Legacy -I../Drivers/STM32F1xx_HAL_Driver/Inc -I../Drivers/CMSIS/Device/ST/STM32F1xx/Include -I../Drivers/CMSIS/Include -O0 -ffunction-sections -fdata-sections -Wall -fstack-usage -MMD -MP -MF"Core/Src/main.d" -MT"Core/Src/main.o" --specs=nano.specs -mfloat-abi=soft -mthumb -o "Core/Src/main.o"
../Core/Src/main.c: In function 'send_uart':
../Core/Src/main.c:72:16: warning: implicit declaration of function 'strlen' [-Wimplicit-function-declaration]
   72 |  uint8_t len = strlen(string);
      |                ^~~~~~
../Core/Src/main.c:72:16: warning: incompatible implicit declaration of built-in function 'strlen'
../Core/Src/main.c:21:1: note: include '<string.h>' or provide a declaration of 'strlen'
   20 | #include "main.h"
  +++ |+#include <string.h>
   21 | 
../Core/Src/main.c: In function 'convert_string':
../Core/Src/main.c:85:3: warning: implicit declaration of function 'sprintf' [-Wimplicit-function-declaration]
   85 |   sprintf(&strReceived[i], "%d", receiveBuffer[i]);
      |   ^~~~~~~
../Core/Src/main.c:85:3: warning: incompatible implicit declaration of built-in function 'sprintf'
../Core/Src/main.c:21:1: note: include '<stdio.h>' or provide a declaration of 'sprintf'
   20 | #include "main.h"
  +++ |+#include <stdio.h>
   21 | 
../Core/Src/main.c: In function 'main':
../Core/Src/main.c:138:30: warning: passing argument 2 of 'HAL_UART_Receive' from incompatible pointer type [-Wincompatible-pointer-types]
  138 |    HAL_UART_Receive(&huart1, &res, 1, HAL_MAX_DELAY);
      |                              ^~~~
      |                              |
      |                              uint8_t (*)[1] {aka unsigned char (*)[1]}
In file included from ../Core/Inc/stm32f1xx_hal_conf.h:338,
                 from ../Drivers/STM32F1xx_HAL_Driver/Inc/stm32f1xx_hal.h:30,
                 from ../Core/Inc/main.h:30,
                 from ../Core/Src/main.c:20:
../Drivers/STM32F1xx_HAL_Driver/Inc/stm32f1xx_hal_uart.h:726:72: note: expected 'uint8_t *' {aka 'unsigned char *'} but argument is of type 'uint8_t (*)[1]' {aka 'unsigned char (*)[1]'}
  726 | HAL_StatusTypeDef HAL_UART_Receive(UART_HandleTypeDef *huart, uint8_t *pData, uint16_t Size, uint32_t Timeout);
      |                                                               ~~~~~~~~~^~~~~
../Core/Src/main.c:139:31: warning: passing argument 2 of 'HAL_UART_Transmit' from incompatible pointer type [-Wincompatible-pointer-types]
  139 |    HAL_UART_Transmit(&huart1, &res, 1, HAL_MAX_DELAY);
      |                               ^~~~
      |                               |
      |                               uint8_t (*)[1] {aka unsigned char (*)[1]}
In file included from ../Core/Inc/stm32f1xx_hal_conf.h:338,
                 from ../Drivers/STM32F1xx_HAL_Driver/Inc/stm32f1xx_hal.h:30,
                 from ../Core/Inc/main.h:30,
                 from ../Core/Src/main.c:20:
../Drivers/STM32F1xx_HAL_Driver/Inc/stm32f1xx_hal_uart.h:725:73: note: expected 'uint8_t *' {aka 'unsigned char *'} but argument is of type 'uint8_t (*)[1]' {aka 'unsigned char (*)[1]'}
  725 | HAL_StatusTypeDef HAL_UART_Transmit(UART_HandleTypeDef *huart, uint8_t *pData, uint16_t Size, uint32_t Timeout);
      |                                                                ~~~~~~~~~^~~~~
arm-none-eabi-gcc -o "Board_Test_TTC.elf" @"objects.list"   -mcpu=cortex-m3 -T"E:\Kampus\NanoSat\Riset\Kedaireka\Code\Kedaireka_2022\OBC\OBC_STM32Cube\Board_Test_TTC\STM32F103C8TX_FLASH.ld" --specs=nosys.specs -Wl,-Map="Board_Test_TTC.map" -Wl,--gc-sections -static --specs=nano.specs -mfloat-abi=soft -mthumb -Wl,--start-group -lc -lm -Wl,--end-group
Finished building target: Board_Test_TTC.elf
 
arm-none-eabi-size   Board_Test_TTC.elf 
arm-none-eabi-objdump -h -S  Board_Test_TTC.elf  > "Board_Test_TTC.list"
   text	   data	    bss	    dec	    hex	filename
   6948	     20	   1724	   8692	   21f4	Board_Test_TTC.elf
Finished building: default.size.stdout
 
Finished building: Board_Test_TTC.list
 

16:20:50 Build Finished. 0 errors, 6 warnings. (took 669ms)

