17:33:31 **** Incremental Build of configuration Debug for project I2C_Master ****
make -j16 all 
arm-none-eabi-gcc "../Core/Src/main.c" -mcpu=cortex-m4 -std=gnu11 -g3 -DDEBUG -DUSE_HAL_DRIVER -DSTM32F446xx -c -I../Core/Inc -I../Drivers/STM32F4xx_HAL_Driver/Inc -I../Drivers/STM32F4xx_HAL_Driver/Inc/Legacy -I../Drivers/CMSIS/Device/ST/STM32F4xx/Include -I../Drivers/CMSIS/Include -O0 -ffunction-sections -fdata-sections -Wall -fstack-usage -MMD -MP -MF"Core/Src/main.d" -MT"Core/Src/main.o" --specs=nano.specs -mfpu=fpv4-sp-d16 -mfloat-abi=hard -mthumb -o "Core/Src/main.o"
arm-none-eabi-gcc -o "I2C_Master.elf" @"objects.list"   -mcpu=cortex-m4 -T"E:\Kampus\NanoSat\Riset\Kedaireka\Code\Kedaireka_2022\OBC\I2C_Master\STM32F446ZETX_FLASH.ld" --specs=nosys.specs -Wl,-Map="I2C_Master.map" -Wl,--gc-sections -static --specs=nano.specs -mfpu=fpv4-sp-d16 -mfloat-abi=hard -mthumb -Wl,--start-group -lc -lm -Wl,--end-group
Finished building target: I2C_Master.elf
 
arm-none-eabi-size   I2C_Master.elf 
arm-none-eabi-objdump -h -S  I2C_Master.elf  > "I2C_Master.list"
   text	   data	    bss	    dec	    hex	filename
  15928	     32	   3016	  18976	   4a20	I2C_Master.elf
Finished building: default.size.stdout
 
Finished building: I2C_Master.list
 

17:33:32 Build Finished. 0 errors, 0 warnings. (took 619ms)

