18:58:42 **** Incremental Build of configuration Debug for project LoRa-TX ****
make -j16 all 
arm-none-eabi-gcc "../Core/Src/main.c" -mcpu=cortex-m3 -std=gnu11 -g3 -DDEBUG -DUSE_HAL_DRIVER -DSTM32F103xB -c -I../Core/Inc -I../Drivers/STM32F1xx_HAL_Driver/Inc/Legacy -I../Drivers/STM32F1xx_HAL_Driver/Inc -I../Drivers/CMSIS/Device/ST/STM32F1xx/Include -I../Drivers/CMSIS/Include -I../FATFS/Target -I../FATFS/App -I../Middlewares/Third_Party/FatFs/src -O0 -ffunction-sections -fdata-sections -Wall -fstack-usage -MMD -MP -MF"Core/Src/main.d" -MT"Core/Src/main.o" --specs=nano.specs -mfloat-abi=soft -mthumb -o "Core/Src/main.o"
../Core/Src/main.c: In function 'main':
../Core/Src/main.c:146:12: warning: passing argument 1 of 'f_puts' makes pointer from integer without a cast [-Wint-conversion]
  146 |     f_puts(resLORA, &fil);
      |            ^~~~~~~
      |            |
      |            uint8_t {aka unsigned char}
In file included from ../FATFS/App/fatfs.h:26,
                 from ../Core/Src/main.c:21:
../Middlewares/Third_Party/FatFs/src/ff.h:255:26: note: expected 'const TCHAR *' {aka 'const char *'} but argument is of type 'uint8_t' {aka 'unsigned char'}
  255 | int f_puts (const TCHAR* str, FIL* cp);        /* Put a string to the file */
      |             ~~~~~~~~~~~~~^~~
arm-none-eabi-gcc -o "LoRa-TX.elf" @"objects.list"   -mcpu=cortex-m3 -T"E:\Kampus\NanoSat\Riset\Kedaireka\Code\Kedaireka_2022\LoRa\STM32Cube\LoRa-TX\STM32F103C8TX_FLASH.ld" --specs=nosys.specs -Wl,-Map="LoRa-TX.map" -Wl,--gc-sections -static --specs=nano.specs -mfloat-abi=soft -mthumb -Wl,--start-group -lc -lm -Wl,--end-group
Finished building target: LoRa-TX.elf
 
arm-none-eabi-size   LoRa-TX.elf 
arm-none-eabi-objdump -h -S  LoRa-TX.elf  > "LoRa-TX.list"
   text	   data	    bss	    dec	    hex	filename
  32780	     72	  10784	  43636	   aa74	LoRa-TX.elf
Finished building: default.size.stdout
 
Finished building: LoRa-TX.list
 

18:58:42 Build Finished. 0 errors, 1 warnings. (took 769ms)

